[Info] [WebHost] Initializing WebHost.
[Info] [WebHost] Initializing WebHost.
[Info] [WindowManager] Created window(<1600, 900>)!
[Info] [WebHost] Initializing WebHost.
[Info] [WindowManager] Created window(<1600, 900>)!
[Info] [TextureManager] Successfully created a new Texture!
[Info] [TextureManager] Successfully created a new Texture!
[Info] [TextureManager] Successfully created a new Texture!
[Info] [container] Successfully created FrameBufferObject 'container'!
[Info] [container] 
[Info] [container] 
[Info] [HttpServerComponent] Starting web listener.
[Info] [container] 
[Info] [HttpServerComponent] Starting web listener.
[Info] [sprite] Successfully created Shader 'sprite'!
[Info] [sprite] 
[Info] [sprite] 
[Info] [main_logo] Successfully created Texture 'main_logo'!
[Info] [sprite] 
[Info] [main_logo] Successfully created Texture 'main_logo'!
[Info] [main_logo] 
[Info] [edge_button] Successfully created Texture 'edge_button'!
[Info] [edge_button] Successfully created Texture 'edge_button'!
[Info] [edge_button] 
[Info] [edge_button] Successfully created Texture 'edge_button'!
[Info] [edge_button] 
[Info] [vcr_mono.png] Successfully created Texture 'vcr_mono.png'!
[Info] [vcr_mono.png] 
[Info] [vcr_mono.png] 
[Info] [BufferObjectManager] Successfully created a new BufferObject!
[Info] [vcr_mono.png] 
[Info] [BufferObjectManager] Successfully created a new BufferObject!
[Info] [DebugSourceApi] [DebugSeverityHigh] [DebugTypeError] [1281] GL_INVALID_VALUE error generated. <size> must be positive.
[Info] [BufferObjectManager] Successfully created a new BufferObject!
[Info] [BufferObjectManager] Successfully created a new BufferObject!
[Info] [VertexArrayObjectManager] Successfully created a new VertexArrayObject!
[Info] [bitmap_font] Successfully created Shader 'bitmap_font'!
[Info] [bitmap_font] Successfully created Shader 'bitmap_font'!
[Info] [bitmap_font] 
[Info] [bitmap_font] Successfully created Shader 'bitmap_font'!
[Info] [bitmap_font] 
[Info] [vcr_mono.png] Successfully created Texture 'vcr_mono.png'!
[Error] [vcr_mono.png] Failed to add Texture!
[Error] [vcr_mono.png] Failed to add Texture!
[Info] [vcr_mono.png] 
[Error] [vcr_mono.png] Failed to add Texture!
[Info] [vcr_mono.png] 
[Info] [BufferObjectManager] Successfully created a new BufferObject!
[Info] [DebugSourceApi] [DebugSeverityHigh] [DebugTypeError] [1281] GL_INVALID_VALUE error generated. <size> must be positive.
[Info] [BufferObjectManager] Successfully created a new BufferObject!
[Info] [BufferObjectManager] Successfully created a new BufferObject!
[Info] [VertexArrayObjectManager] Successfully created a new VertexArrayObject!
[Info] [bitmap_font] Successfully created Shader 'bitmap_font'!
[Info] [bitmap_font] Successfully created Shader 'bitmap_font'!
[Error] [bitmap_font] Failed to add Shader!
[Info] [bitmap_font] 
[Info] [bitmap_font] 
[Info] [BufferObjectManager] Successfully created a new BufferObject!
[Info] [bitmap_font] 
[Info] [BufferObjectManager] Successfully created a new BufferObject!
[Info] [BufferObjectManager] Successfully created a new BufferObject!
[Info] [VertexArrayObjectManager] Successfully created a new VertexArrayObject!
[Info] [VertexArrayObjectManager] Successfully created a new VertexArrayObject!
[Info] [BufferObjectManager] Successfully created a new BufferObject!
[Info] [BufferObjectManager] Successfully created a new BufferObject!
[Info] [BufferObjectManager] Successfully created a new BufferObject!
[Info] [BufferObjectManager] Successfully created a new BufferObject!
[Info] [VertexArrayObjectManager] Successfully created a new VertexArrayObject!
[Info] [VertexArrayObjectManager] Successfully created a new VertexArrayObject!
[Info] [BufferObjectManager] Successfully created a new BufferObject!
[Info] [sprite] Successfully created Shader 'sprite'!
[Info] [sprite] Successfully created Shader 'sprite'!
[Error] [sprite] Failed to add Shader!
[Info] [sprite] Successfully created Shader 'sprite'!
[Error] [sprite] Failed to add Shader!
[Info] [sprite